2025-10-25 19:03:11.524 INFO  o.h.validator.internal.util.Version - HV000001: Hibernate Validator 8.0.3.Final
2025-10-25 19:03:11.540 INFO  c.g.e.a.c.EventControllerTest - Starting EventControllerTest using Java 24 with PID 99150 (started by gchaldu in /Users/gchaldu/Desktop/curso-java/SPRING BOOT/Proyectos/12-api)
2025-10-25 19:03:11.540 DEBUG c.g.e.a.c.EventControllerTest - Running with Spring Boot v3.5.6, Spring v6.2.11
2025-10-25 19:03:11.541 INFO  c.g.e.a.c.EventControllerTest - The following 1 profile is active: "dev"
2025-10-25 19:03:12.429 INFO  o.s.b.t.m.w.SpringBootMockServletContext - Initializing Spring TestDispatcherServlet ''
2025-10-25 19:03:12.430 INFO  o.s.t.w.s.TestDispatcherServlet - Initializing Servlet ''
2025-10-25 19:03:12.430 INFO  o.s.t.w.s.TestDispatcherServlet - Completed initialization in 0 ms
2025-10-25 19:03:12.442 INFO  c.g.e.a.c.EventControllerTest - Started EventControllerTest in 1.125 seconds (process running for 1.625)
2025-10-25 19:03:12.491 INFO  c.g.e.api.controller.EventController - Recibida solicitud GET /events/1 para buscar evento.
2025-10-25 19:03:12.492 DEBUG c.g.e.api.controller.EventController - Evento con ID 1 encontrado y mapeado.
2025-10-25 21:06:08.674 INFO  o.h.validator.internal.util.Version - HV000001: Hibernate Validator 8.0.3.Final
2025-10-25 21:06:08.691 INFO  c.g.e.a.c.EventControllerTest - Starting EventControllerTest using Java 24 with PID 891 (started by gchaldu in /Users/gchaldu/Desktop/curso-java/SPRING BOOT/Proyectos/12-api)
2025-10-25 21:06:08.691 DEBUG c.g.e.a.c.EventControllerTest - Running with Spring Boot v3.5.6, Spring v6.2.11
2025-10-25 21:06:08.691 INFO  c.g.e.a.c.EventControllerTest - The following 1 profile is active: "dev"
2025-10-25 21:06:09.592 INFO  o.s.b.t.m.w.SpringBootMockServletContext - Initializing Spring TestDispatcherServlet ''
2025-10-25 21:06:09.592 INFO  o.s.t.w.s.TestDispatcherServlet - Initializing Servlet ''
2025-10-25 21:06:09.592 INFO  o.s.t.w.s.TestDispatcherServlet - Completed initialization in 0 ms
2025-10-25 21:06:09.604 INFO  c.g.e.a.c.EventControllerTest - Started EventControllerTest in 1.157 seconds (process running for 1.654)
2025-10-25 21:06:09.652 INFO  c.g.e.api.controller.EventController - Recibida solicitud GET /events con nombre 'Spring' y paginación Page request [number: 0, size 10, sort: name: ASC].
2025-10-25 21:06:09.653 DEBUG c.g.e.api.controller.EventController - Devolviendo 2 eventos paginados.
2025-10-25 21:06:09.666 WARN  o.s.d.w.c.SpringDataJacksonConfiguration$PageModule$WarningLoggingModifier - Serializing PageImpl instances as-is is not supported, meaning that there is no guarantee about the stability of the resulting JSON structure!
	For a stable JSON structure, please use Spring Data's PagedModel (globally via @EnableSpringDataWebSupport(pageSerializationMode = VIA_DTO))
	or Spring HATEOAS and Spring Data's PagedResourcesAssembler as documented in https://docs.spring.io/spring-data/commons/reference/repositories/core-extensions.html#core.web.pageables.

2025-10-25 21:06:15.988 INFO  o.h.validator.internal.util.Version - HV000001: Hibernate Validator 8.0.3.Final
2025-10-25 21:06:16.005 INFO  c.g.e.a.c.EventControllerTest - Starting EventControllerTest using Java 24 with PID 894 (started by gchaldu in /Users/gchaldu/Desktop/curso-java/SPRING BOOT/Proyectos/12-api)
2025-10-25 21:06:16.006 DEBUG c.g.e.a.c.EventControllerTest - Running with Spring Boot v3.5.6, Spring v6.2.11
2025-10-25 21:06:16.006 INFO  c.g.e.a.c.EventControllerTest - The following 1 profile is active: "dev"
2025-10-25 21:06:16.855 INFO  o.s.b.t.m.w.SpringBootMockServletContext - Initializing Spring TestDispatcherServlet ''
2025-10-25 21:06:16.856 INFO  o.s.t.w.s.TestDispatcherServlet - Initializing Servlet ''
2025-10-25 21:06:16.856 INFO  o.s.t.w.s.TestDispatcherServlet - Completed initialization in 0 ms
2025-10-25 21:06:16.868 INFO  c.g.e.a.c.EventControllerTest - Started EventControllerTest in 1.064 seconds (process running for 1.479)
2025-10-25 21:06:16.910 INFO  c.g.e.api.controller.EventController - Recibida solicitud GET /events/99 para buscar evento.
